Response Time: 3.194 seconds
Content-Type: audio/mpeg
Audio response saved to audio_response.mp3
File size: 86980 bytes
